INFO:     Started server process [7923]
INFO:     Waiting for application startup.
INFO:     Application startup complete.
INFO:     Uvicorn running on http://127.0.0.1:8000 (Press CTRL+C to quit)
Error serving static file style.css: FileResponse.__init__() missing 1 required positional argument: 'filename'
Unhandled exception
Traceback (most recent call last):
  File "/Users/zechariahzimmerman/Projects/8ly/Serv/demos/sse_dashboard/extensions/dashboard/main.py", line 496, in serve_static
    return FileResponse(file_path)
TypeError: FileResponse.__init__() missing 1 required positional argument: 'filename'

During handling of the above exception, another exception occurred:

Traceback (most recent call last):
  File "/Users/zechariahzimmerman/Projects/8ly/Serv/serv/app.py", line 869, in _handle_request
    await self._run_middleware_stack(
        container=container, request_instance=request
    )
  File "/Users/zechariahzimmerman/Projects/8ly/Serv/serv/app.py", line 991, in _run_middleware_stack
    raise error_to_propagate
  File "/Users/zechariahzimmerman/Projects/8ly/Serv/serv/app.py", line 960, in _run_middleware_stack
    await route_container.call(handler_callable, **path_params)
  File "/Users/zechariahzimmerman/Projects/8ly/Serv/serv/routes.py", line 528, in __call__
    handler_result = await self._handle_request(request, container, path_params)
                     ^^^^^^^^^^^^^^^^^^^^^^^^^^^^^^^^^^^^^^^^^^^^^^^^^^^^^^^^^^^
  File "/Users/zechariahzimmerman/Projects/8ly/Serv/serv/routes.py", line 1028, in _handle_request
    return await container.call(self._error_handler, e, path_params)
           ^^^^^^^^^^^^^^^^^^^^^^^^^^^^^^^^^^^^^^^^^^^^^^^^^^^^^^^^^
  File "/Users/zechariahzimmerman/Projects/8ly/Serv/serv/routes.py", line 1046, in _error_handler
    raise exception
  File "/Users/zechariahzimmerman/Projects/8ly/Serv/serv/routes.py", line 924, in _handle_request
    handler_output_data = await container.call(
                          ^^^^^^^^^^^^^^^^^^^^^
        handler, self, **kwargs_to_pass
        ^^^^^^^^^^^^^^^^^^^^^^^^^^^^^^^
    )
    ^
  File "/Users/zechariahzimmerman/Projects/8ly/Serv/demos/sse_dashboard/extensions/dashboard/main.py", line 500, in serve_static
    raise FileNotFoundError(f"File not found: {file_path}")
FileNotFoundError: File not found: /Users/zechariahzimmerman/Projects/8ly/Serv/demos/sse_dashboard/static/style.css
üöÄ Starting SSE Dashboard Demo...
   - Real-time metrics streaming
   - Live charts and gauges
   - System alerts feed

üìä SSE Dashboard is starting...
üåê Open your browser to: http://localhost:8000
‚ö° Watch the real-time metrics stream!

Press Ctrl+C to stop the server
--------------------------------------------------
Getting route:  {'path': '/', 'handler': 'main:DashboardHomeRoute'}
Getting route:  {'path': '/api/events/metrics', 'handler': 'main:MetricsSSERoute'}
Getting route:  {'path': '/api/events/alerts', 'handler': 'main:AlertsSSERoute'}
Getting route:  {'path': '/api/events/all', 'handler': 'main:AllEventsSSERoute'}
Getting route:  {'path': '/static/{filename:path}', 'handler': 'main:StaticFileRoute'}
INFO:     127.0.0.1:65161 - "GET /static/style.css HTTP/1.1" 500 Internal Server Error
